Microsoft (R) Build Engine version 4.8.9221.0
[Microsoft .NET Framework, version 4.0.30319.42000]
Copyright (C) Microsoft Corporation. All rights reserved.

App.xaml.cs(33,38): warning CS0168: The variable 'ex' is declared but never used [C:\Users\ma516\OneDrive\Desktop\Pharma\PharmaBilling.csproj]
App.xaml.cs(59,30): error CS1525: Invalid expression term '.' [C:\Users\ma516\OneDrive\Desktop\Pharma\PharmaBilling.csproj]
App.xaml.cs(59,31): error CS1003: Syntax error, ':' expected [C:\Users\ma516\OneDrive\Desktop\Pharma\PharmaBilling.csproj]
Source\Data\AppCache.cs(150,40): error CS1525: Invalid expression term '.' [C:\Users\ma516\OneDrive\Desktop\Pharma\PharmaBilling.csproj]
Source\Data\AppCache.cs(150,41): error CS1003: Syntax error, ':' expected [C:\Users\ma516\OneDrive\Desktop\Pharma\PharmaBilling.csproj]
Source\Data\AppCache.cs(179,80): error CS1525: Invalid expression term '.' [C:\Users\ma516\OneDrive\Desktop\Pharma\PharmaBilling.csproj]
Source\Data\AppCache.cs(179,81): error CS1003: Syntax error, ':' expected [C:\Users\ma516\OneDrive\Desktop\Pharma\PharmaBilling.csproj]
Source\Data\AppCache.cs(179,106): error CS1002: ; expected [C:\Users\ma516\OneDrive\Desktop\Pharma\PharmaBilling.csproj]
Source\Data\AppCache.cs(179,106): error CS1525: Invalid expression term ')' [C:\Users\ma516\OneDrive\Desktop\Pharma\PharmaBilling.csproj]
Source\Data\AppCache.cs(206,80): error CS1525: Invalid expression term '.' [C:\Users\ma516\OneDrive\Desktop\Pharma\PharmaBilling.csproj]
Source\Data\AppCache.cs(206,81): error CS1003: Syntax error, ':' expected [C:\Users\ma516\OneDrive\Desktop\Pharma\PharmaBilling.csproj]
Source\Data\AppCache.cs(206,106): error CS1002: ; expected [C:\Users\ma516\OneDrive\Desktop\Pharma\PharmaBilling.csproj]
Source\Data\AppCache.cs(206,106): error CS1525: Invalid expression term ')' [C:\Users\ma516\OneDrive\Desktop\Pharma\PharmaBilling.csproj]
Source\Network\MedixaLanServer.cs(75,29): error CS1525: Invalid expression term '.' [C:\Users\ma516\OneDrive\Desktop\Pharma\PharmaBilling.csproj]
Source\Network\MedixaLanServer.cs(75,30): error CS1003: Syntax error, ':' expected [C:\Users\ma516\OneDrive\Desktop\Pharma\PharmaBilling.csproj]
Source\Network\MedixaLanServer.cs(251,19): error CS1525: Invalid expression term '.' [C:\Users\ma516\OneDrive\Desktop\Pharma\PharmaBilling.csproj]
Source\Network\MedixaLanServer.cs(251,20): error CS1003: Syntax error, ':' expected [C:\Users\ma516\OneDrive\Desktop\Pharma\PharmaBilling.csproj]
Source\Models\User.cs(37,29): error CS1525: Invalid expression term '.' [C:\Users\ma516\OneDrive\Desktop\Pharma\PharmaBilling.csproj]
Source\Models\User.cs(37,30): error CS1003: Syntax error, ':' expected [C:\Users\ma516\OneDrive\Desktop\Pharma\PharmaBilling.csproj]
Source\Views\DashboardWindow.xaml.cs(166,80): error CS1525: Invalid expression term '.' [C:\Users\ma516\OneDrive\Desktop\Pharma\PharmaBilling.csproj]
Source\Views\DashboardWindow.xaml.cs(166,81): error CS1003: Syntax error, ':' expected [C:\Users\ma516\OneDrive\Desktop\Pharma\PharmaBilling.csproj]
Source\Views\ReportWindow.xaml.cs(60,43): error CS1525: Invalid expression term '.' [C:\Users\ma516\OneDrive\Desktop\Pharma\PharmaBilling.csproj]
Source\Views\ReportWindow.xaml.cs(60,44): error CS1003: Syntax error, ':' expected [C:\Users\ma516\OneDrive\Desktop\Pharma\PharmaBilling.csproj]
Source\Views\AddMedicineWindow.xaml.cs(55,55): error CS1525: Invalid expression term '.' [C:\Users\ma516\OneDrive\Desktop\Pharma\PharmaBilling.csproj]
Source\Views\AddMedicineWindow.xaml.cs(55,56): error CS1003: Syntax error, ':' expected [C:\Users\ma516\OneDrive\Desktop\Pharma\PharmaBilling.csproj]
Source\Views\AddMedicineWindow.xaml.cs(56,62): error CS1525: Invalid expression term '.' [C:\Users\ma516\OneDrive\Desktop\Pharma\PharmaBilling.csproj]
Source\Views\AddMedicineWindow.xaml.cs(56,63): error CS1003: Syntax error, ':' expected [C:\Users\ma516\OneDrive\Desktop\Pharma\PharmaBilling.csproj]
Source\Views\ReportUC.xaml.cs(57,43): error CS1525: Invalid expression term '.' [C:\Users\ma516\OneDrive\Desktop\Pharma\PharmaBilling.csproj]
Source\Views\ReportUC.xaml.cs(57,44): error CS1003: Syntax error, ':' expected [C:\Users\ma516\OneDrive\Desktop\Pharma\PharmaBilling.csproj]
Source\Views\ReportUC.xaml.cs(128,49): error CS1525: Invalid expression term '.' [C:\Users\ma516\OneDrive\Desktop\Pharma\PharmaBilling.csproj]
Source\Views\ReportUC.xaml.cs(128,50): error CS1003: Syntax error, ':' expected [C:\Users\ma516\OneDrive\Desktop\Pharma\PharmaBilling.csproj]
Source\Views\PurchaseUC.xaml.cs(166,28): error CS1525: Invalid expression term '.' [C:\Users\ma516\OneDrive\Desktop\Pharma\PharmaBilling.csproj]
Source\Views\PurchaseUC.xaml.cs(166,29): error CS1003: Syntax error, ':' expected [C:\Users\ma516\OneDrive\Desktop\Pharma\PharmaBilling.csproj]
Source\Views\PurchaseUC.xaml.cs(198,28): error CS1525: Invalid expression term '.' [C:\Users\ma516\OneDrive\Desktop\Pharma\PharmaBilling.csproj]
Source\Views\PurchaseUC.xaml.cs(198,29): error CS1003: Syntax error, ':' expected [C:\Users\ma516\OneDrive\Desktop\Pharma\PharmaBilling.csproj]
Source\Views\LicenseWindow.xaml.cs(53,45): error CS1525: Invalid expression term '.' [C:\Users\ma516\OneDrive\Desktop\Pharma\PharmaBilling.csproj]
Source\Views\LicenseWindow.xaml.cs(53,46): error CS1003: Syntax error, ':' expected [C:\Users\ma516\OneDrive\Desktop\Pharma\PharmaBilling.csproj]
Source\Views\NetworkConfigWindow.xaml.cs(191,22): error CS1525: Invalid expression term '.' [C:\Users\ma516\OneDrive\Desktop\Pharma\PharmaBilling.csproj]
Source\Views\NetworkConfigWindow.xaml.cs(191,23): error CS1003: Syntax error, ':' expected [C:\Users\ma516\OneDrive\Desktop\Pharma\PharmaBilling.csproj]
Source\Views\UsersUC.xaml.cs(55,56): error CS1026: ) expected [C:\Users\ma516\OneDrive\Desktop\Pharma\PharmaBilling.csproj]
Source\Views\UsersUC.xaml.cs(55,59): error CS1002: ; expected [C:\Users\ma516\OneDrive\Desktop\Pharma\PharmaBilling.csproj]
Source\Views\UsersUC.xaml.cs(55,59): error CS1525: Invalid expression term ')' [C:\Users\ma516\OneDrive\Desktop\Pharma\PharmaBilling.csproj]
Source\Views\UsersUC.xaml.cs(55,60): error CS1002: ; expected [C:\Users\ma516\OneDrive\Desktop\Pharma\PharmaBilling.csproj]
Source\Views\UsersUC.xaml.cs(88,56): error CS1026: ) expected [C:\Users\ma516\OneDrive\Desktop\Pharma\PharmaBilling.csproj]
Source\Views\UsersUC.xaml.cs(88,59): error CS1002: ; expected [C:\Users\ma516\OneDrive\Desktop\Pharma\PharmaBilling.csproj]
Source\Views\UsersUC.xaml.cs(88,59): error CS1525: Invalid expression term ')' [C:\Users\ma516\OneDrive\Desktop\Pharma\PharmaBilling.csproj]
Source\Views\UsersUC.xaml.cs(88,60): error CS1002: ; expected [C:\Users\ma516\OneDrive\Desktop\Pharma\PharmaBilling.csproj]
Source\Data\LicenseManager.cs(68,33): error CS1525: Invalid expression term '.' [C:\Users\ma516\OneDrive\Desktop\Pharma\PharmaBilling.csproj]
Source\Data\LicenseManager.cs(68,34): error CS1003: Syntax error, ':' expected [C:\Users\ma516\OneDrive\Desktop\Pharma\PharmaBilling.csproj]
Source\Data\LicenseManager.cs(93,98): error CS1525: Invalid expression term '.' [C:\Users\ma516\OneDrive\Desktop\Pharma\PharmaBilling.csproj]
Source\Data\LicenseManager.cs(93,99): error CS1003: Syntax error, ':' expected [C:\Users\ma516\OneDrive\Desktop\Pharma\PharmaBilling.csproj]
Source\Data\LicenseManager.cs(93,115): error CS1002: ; expected [C:\Users\ma516\OneDrive\Desktop\Pharma\PharmaBilling.csproj]
Source\Data\LicenseManager.cs(93,115): error CS1525: Invalid expression term ':' [C:\Users\ma516\OneDrive\Desktop\Pharma\PharmaBilling.csproj]
Source\Data\LicenseManager.cs(93,117): error CS1002: ; expected [C:\Users\ma516\OneDrive\Desktop\Pharma\PharmaBilling.csproj]
Source\Data\LicenseManager.cs(94,103): error CS1525: Invalid expression term '.' [C:\Users\ma516\OneDrive\Desktop\Pharma\PharmaBilling.csproj]
Source\Data\LicenseManager.cs(94,104): error CS1003: Syntax error, ':' expected [C:\Users\ma516\OneDrive\Desktop\Pharma\PharmaBilling.csproj]
Source\Data\LicenseManager.cs(94,115): error CS1002: ; expected [C:\Users\ma516\OneDrive\Desktop\Pharma\PharmaBilling.csproj]
Source\Data\LicenseManager.cs(94,115): error CS1525: Invalid expression term ':' [C:\Users\ma516\OneDrive\Desktop\Pharma\PharmaBilling.csproj]
Source\Data\LicenseManager.cs(94,117): error CS1002: ; expected [C:\Users\ma516\OneDrive\Desktop\Pharma\PharmaBilling.csproj]
Source\Data\LicenseManager.cs(98,82): error CS1525: Invalid expression term '.' [C:\Users\ma516\OneDrive\Desktop\Pharma\PharmaBilling.csproj]
Source\Data\LicenseManager.cs(98,83): error CS1003: Syntax error, ':' expected [C:\Users\ma516\OneDrive\Desktop\Pharma\PharmaBilling.csproj]
Source\Data\LicenseManager.cs(98,93): error CS1002: ; expected [C:\Users\ma516\OneDrive\Desktop\Pharma\PharmaBilling.csproj]
Source\Data\LicenseManager.cs(98,93): error CS1525: Invalid expression term ',' [C:\Users\ma516\OneDrive\Desktop\Pharma\PharmaBilling.csproj]
Source\Data\LicenseManager.cs(98,95): error CS1002: ; expected [C:\Users\ma516\OneDrive\Desktop\Pharma\PharmaBilling.csproj]
Source\Data\LicenseManager.cs(98,95): error CS1525: Invalid expression term 'out' [C:\Users\ma516\OneDrive\Desktop\Pharma\PharmaBilling.csproj]
Source\Data\LicenseManager.cs(98,99): error CS1002: ; expected [C:\Users\ma516\OneDrive\Desktop\Pharma\PharmaBilling.csproj]
Source\Data\LicenseManager.cs(98,109): error CS1002: ; expected [C:\Users\ma516\OneDrive\Desktop\Pharma\PharmaBilling.csproj]
Source\Data\LicenseManager.cs(98,109): error CS1525: Invalid expression term ')' [C:\Users\ma516\OneDrive\Desktop\Pharma\PharmaBilling.csproj]
