Source\Views\DashboardWindow.xaml.cs(70,30): warning CS0168: The variable 'ex' is declared but never used [d:\pharma\PharmaBilling.csproj]
Source\Views\MedicineWindow.xaml.cs(32,24): error CS0246: The type or namespace name 'Medicine' could not be found (are you missing a using directive or an assembly reference?) [d:\pharma\PharmaBilling.csproj]
Source\Views\MedicineWindow.xaml.cs(46,24): error CS0246: The type or namespace name 'Medicine' could not be found (are you missing a using directive or an assembly reference?) [d:\pharma\PharmaBilling.csproj]
Source\Views\AddMedicineWindow.xaml.cs(57,30): warning CS0168: The variable 'ex' is declared but never used [d:\pharma\PharmaBilling.csproj]
